? Please select your favorite letters:

  [ ] A
➤ [ ] B
  [ ] C
  [ ] D
  [ ] E
  [ ] F
  •••••

? help • q quit
? Please select your favorite letters:
  [ ] B
➤ [ ] C
? Please select your favorite letters:
➤ [x] C
? Please select your favorite letters:
  [x] C
➤ [ ] D
? Please select your favorite letters:
➤ [x] D
? Please select your favorite letters:
➤ [ ] G
  [ ] H
  [ ] I
  [ ] J
  [ ] K
  [ ] L
? Please select your favorite letters:
➤ [ ] M
  [ ] N
  [ ] O
  [ ] P
  [ ] Q
  [ ] R
? Please select your favorite letters:
  [ ] M
➤ [ ] N
? Please select your favorite letters:
  [ ] N
➤ [ ] O
? Please select your favorite letters:
➤ [x] O
? Please select your favorite letters:
  [x] O
➤ [ ] P
? Please select your favorite letters:
➤ [x] P
? Please select your favorite letters:
